[cos] === cos scenario OPTIMIZED run (TOPK=10) ===
[cos] postgres ready on 5432
[cos] dataset already present: /home/notixa/otb_bench/cos/glove-100-angular.hdf5
NOTICE:  extension "vector" already exists, skipping
CREATE EXTENSION
DROP TABLE
CREATE TABLE
[cos] loading into glove_base ...
COPY 1183514

real	0m9.442s
user	0m0.125s
sys	0m0.722s
ANALYZE
[cos] rows: 1183514
[cos] building ivfflat index (vector_cosine_ops), lists=1000 ...
SET
Timing is on.
CREATE INDEX
Time: 12744.840 ms (00:12.745)
[cos] running exact seq-scan reference ...
[cos] running ivfflat probes=1 ...
[cos] running ivfflat probes=2 ...
[cos] running ivfflat probes=5 ...
[cos] running ivfflat probes=10 ...
[cos] running ivfflat probes=20 ...
[cos] running ivfflat probes=40 ...
[cos] running ivfflat probes=60 ...
[cos] running ivfflat probes=80 ...
[cos] running ivfflat probes=100 ...
[cos] running ivfflat probes=200 ...
[cos] running ivfflat probes=400 ...
[cos] running ivfflat probes=1000 ...
[cos] generating report...
setting     | recall@K | p50_ms | p95_ms | qps   | mean_ms | p99_ms | lists
------------|----------|--------|--------|-------|---------|--------|------
l1000_p1    | 0.449    | 0.197  | 0.351  | 4673  | 0.214   | 1.103  | 1000 
l1000_p10   | 0.791    | 1.174  | 1.832  | 814.3 | 1.228   | 3.384  | 1000 
l1000_p100  | 0.96     | 7.7    | 10.76  | 129.3 | 7.732   | 14.26  | 1000 
l1000_p1000 | 1        | 47.14  | 53.52  | 21.1  | 47.44   | 59.94  | 1000 
l1000_p2    | 0.552    | 0.303  | 0.708  | 2717  | 0.368   | 2.26   | 1000 
l1000_p20   | 0.847    | 1.837  | 3.481  | 499.5 | 2.002   | 4.635  | 1000 
l1000_p200  | 0.982    | 14.4   | 18.72  | 68.3  | 14.64   | 29.46  | 1000 
l1000_p40   | 0.905    | 3.412  | 5.241  | 284.4 | 3.516   | 8.229  | 1000 
l1000_p400  | 0.995    | 21.23  | 24.86  | 46.5  | 21.5    | 37.52  | 1000 
l1000_p5    | 0.71     | 0.756  | 1.798  | 1161  | 0.861   | 3.309  | 1000 
l1000_p60   | 0.934    | 4.636  | 7.456  | 203.5 | 4.914   | 9.493  | 1000 
l1000_p80   | 0.949    | 6.235  | 9.74   | 151.4 | 6.606   | 11.36  | 1000 
seq         | 1        | 54.64  | 62.87  | 18    | 55.67   | 66.55  | 1000 

wrote /home/notixa/codes/opensource-project/OpenTenBase/contrib/pgvector/benchmark/cos/results_scan_opt/summary.csv
wrote /home/notixa/codes/opensource-project/OpenTenBase/contrib/pgvector/benchmark/cos/results_scan_opt/baseline_curve.png
[cos] done. results in /home/notixa/codes/opensource-project/OpenTenBase/contrib/pgvector/benchmark/cos/results_scan_opt/summary.csv
[cos] stat sweep: probes=[1 5 10 20 50 100] duration=5s -> /home/notixa/codes/opensource-project/OpenTenBase/contrib/pgvector/benchmark/cos/results/stat_sweep.csv
  probes=1    IPC=1.378 LLCmiss=4.68% brmiss=2.29% L1miss=3.89%
  probes=5    IPC=2.041 LLCmiss=2.65% brmiss=0.68% L1miss=4.34%
  probes=10   IPC=1.784 LLCmiss=10.07% brmiss=0.49% L1miss=4.65%
  probes=20   IPC=1.397 LLCmiss=29.85% brmiss=0.36% L1miss=4.44%
  probes=50   IPC=0.978 LLCmiss=73.51% brmiss=0.34% L1miss=3.84%
  probes=100  IPC=0.951 LLCmiss=82.08% brmiss=0.34% L1miss=3.67%

=== summary table (also in /home/notixa/codes/opensource-project/OpenTenBase/contrib/pgvector/benchmark/cos/results/stat_sweep.csv) ===
probes   IPC      LLCmiss%   brmiss%    L1miss%   
1        1.378    4.68       2.29       3.89      
5        2.041    2.65       0.68       4.34      
10       1.784    10.07      0.49       4.65      
20       1.397    29.85      0.36       4.44      
50       0.978    73.51      0.34       3.84      
100      0.951    82.08      0.34       3.67      
[cos] done
